// Vitest Snapshot v1, https://vitest.dev/guide/snapshot.html

exports[`snapshot 1`] = `
{
  "Mappings": {
    "AWSCloudFrontPartitionHostedZoneIdMap": {
      "aws": {
        "zoneId": "Z2FDTNDATAQYW2",
      },
      "aws-cn": {
        "zoneId": "Z3RFFRIM2A3IF5",
      },
    },
  },
  "Parameters": {
    "BootstrapVersion": {
      "Default": "/cdk-bootstrap/hnb659fds/version",
      "Description": "Version of the CDK Bootstrap resources in this environment, automatically retrieved from SSM Parameter Store. [cdk:skip]",
      "Type": "AWS::SSM::Parameter::Value<String>",
    },
  },
  "Resources": {
    "Bucket83908E77": {
      "DeletionPolicy": "Retain",
      "Properties": {
        "BucketNamePrefix": "photo",
        "BucketNamespace": "account-regional",
        "VersioningConfiguration": {
          "Status": "Enabled",
        },
      },
      "Type": "AWS::S3::Bucket",
      "UpdateReplacePolicy": "Retain",
    },
    "BucketPolicyE9A3008A": {
      "Properties": {
        "Bucket": {
          "Ref": "Bucket83908E77",
        },
        "PolicyDocument": {
          "Statement": [
            {
              "Action": "s3:*",
              "Condition": {
                "Bool": {
                  "aws:SecureTransport": "false",
                },
              },
              "Effect": "Deny",
              "Principal": {
                "AWS": "*",
              },
              "Resource": [
                {
                  "Fn::GetAtt": [
                    "Bucket83908E77",
                    "Arn",
                  ],
                },
                {
                  "Fn::Join": [
                    "",
                    [
                      {
                        "Fn::GetAtt": [
                          "Bucket83908E77",
                          "Arn",
                        ],
                      },
                      "/*",
                    ],
                  ],
                },
              ],
            },
          ],
          "Version": "2012-10-17",
        },
      },
      "Type": "AWS::S3::BucketPolicy",
    },
    "Distribution830FAC52": {
      "Properties": {
        "DistributionConfig": {
          "Aliases": [
            "photo.example.com",
          ],
          "DefaultCacheBehavior": {
            "CachePolicyId": "658327ea-f89d-4fab-a63d-7e88639e58f6",
            "Compress": true,
            "TargetOriginId": "PhotoStackDistributionOrigin16067CD69",
            "ViewerProtocolPolicy": "https-only",
          },
          "Enabled": true,
          "HttpVersion": "http2",
          "IPV6Enabled": true,
          "Origins": [
            {
              "CustomOriginConfig": {
                "OriginProtocolPolicy": "https-only",
                "OriginSSLProtocols": [
                  "TLSv1.2",
                ],
              },
              "DomainName": {
                "Fn::Select": [
                  2,
                  {
                    "Fn::Split": [
                      "/",
                      {
                        "Fn::GetAtt": [
                          "FunctionFunctionUrl08F79AC9",
                          "FunctionUrl",
                        ],
                      },
                    ],
                  },
                ],
              },
              "Id": "PhotoStackDistributionOrigin16067CD69",
              "OriginAccessControlId": {
                "Fn::GetAtt": [
                  "DistributionOrigin1FunctionUrlOriginAccessControl1DA0EA55",
                  "Id",
                ],
              },
            },
          ],
          "ViewerCertificate": {
            "AcmCertificateArn": {
              "Fn::ImportValue": "PhotoAcmStack:ExportsOutputRefCertificate4E7ABB08F7C8AF50",
            },
            "MinimumProtocolVersion": "TLSv1.2_2021",
            "SslSupportMethod": "sni-only",
          },
        },
      },
      "Type": "AWS::CloudFront::Distribution",
    },
    "DistributionAliasRecord5B25145D": {
      "Properties": {
        "AliasTarget": {
          "DNSName": {
            "Fn::GetAtt": [
              "Distribution830FAC52",
              "DomainName",
            ],
          },
          "HostedZoneId": {
            "Fn::FindInMap": [
              "AWSCloudFrontPartitionHostedZoneIdMap",
              {
                "Ref": "AWS::Partition",
              },
              "zoneId",
            ],
          },
        },
        "HostedZoneId": "ZOJJZC49E0EPZ",
        "Name": "photo.example.com.",
        "Type": "A",
      },
      "Type": "AWS::Route53::RecordSet",
    },
    "DistributionOrigin1FunctionUrlOriginAccessControl1DA0EA55": {
      "Properties": {
        "OriginAccessControlConfig": {
          "Name": "PhotoStackDistributionOriginnctionUrlOriginAccessControlFAEBF3A9",
          "OriginAccessControlOriginType": "lambda",
          "SigningBehavior": "always",
          "SigningProtocol": "sigv4",
        },
      },
      "Type": "AWS::CloudFront::OriginAccessControl",
    },
    "DistributionOrigin1InvokeFromApiForPhotoStackDistributionOrigin16067CD695B5D3320": {
      "Properties": {
        "Action": "lambda:InvokeFunctionUrl",
        "FunctionName": {
          "Fn::GetAtt": [
            "FunctionFunctionUrl08F79AC9",
            "FunctionArn",
          ],
        },
        "Principal": "cloudfront.amazonaws.com",
        "SourceArn": {
          "Fn::Join": [
            "",
            [
              "arn:",
              {
                "Ref": "AWS::Partition",
              },
              ":cloudfront::",
              {
                "Ref": "AWS::AccountId",
              },
              ":distribution/",
              {
                "Ref": "Distribution830FAC52",
              },
            ],
          ],
        },
      },
      "Type": "AWS::Lambda::Permission",
    },
    "Function76856677": {
      "DependsOn": [
        "FunctionServiceRoleDefaultPolicyA390655B",
        "FunctionServiceRole06CB2226",
      ],
      "Properties": {
        "Architectures": [
          "arm64",
        ],
        "Code": {
          "S3Bucket": {
            "Fn::Sub": "cdk-hnb659fds-assets-\${AWS::AccountId}-\${AWS::Region}",
          },
          "S3Key": "[ASSET ZIP]",
        },
        "Environment": {
          "Variables": {
            "BUCKET_NAME": {
              "Ref": "Bucket83908E77",
            },
          },
        },
        "Handler": "index.handler",
        "LoggingConfig": {
          "LogGroup": {
            "Ref": "FunctionLogGroupBD1576D5",
          },
        },
        "MemorySize": 2048,
        "Role": {
          "Fn::GetAtt": [
            "FunctionServiceRole06CB2226",
            "Arn",
          ],
        },
        "Runtime": "nodejs24.x",
        "Timeout": 30,
      },
      "Type": "AWS::Lambda::Function",
    },
    "FunctionAllowCloudFrontServicePrincipalInvokeFunctionB0858432": {
      "Properties": {
        "Action": "lambda:InvokeFunction",
        "FunctionName": {
          "Fn::GetAtt": [
            "Function76856677",
            "Arn",
          ],
        },
        "Principal": "cloudfront.amazonaws.com",
        "SourceArn": {
          "Fn::Join": [
            "",
            [
              "arn:",
              {
                "Ref": "AWS::Partition",
              },
              ":cloudfront::",
              {
                "Ref": "AWS::AccountId",
              },
              ":distribution/",
              {
                "Ref": "Distribution830FAC52",
              },
            ],
          ],
        },
      },
      "Type": "AWS::Lambda::Permission",
    },
    "FunctionFunctionUrl08F79AC9": {
      "Properties": {
        "AuthType": "AWS_IAM",
        "TargetFunctionArn": {
          "Fn::GetAtt": [
            "Function76856677",
            "Arn",
          ],
        },
      },
      "Type": "AWS::Lambda::Url",
    },
    "FunctionLogGroupBD1576D5": {
      "DeletionPolicy": "Retain",
      "Properties": {
        "RetentionInDays": 7,
      },
      "Type": "AWS::Logs::LogGroup",
      "UpdateReplacePolicy": "Retain",
    },
    "FunctionServiceRole06CB2226": {
      "Properties": {
        "AssumeRolePolicyDocument": {
          "Statement": [
            {
              "Action": "sts:AssumeRole",
              "Effect": "Allow",
              "Principal": {
                "Service": "lambda.amazonaws.com",
              },
            },
          ],
          "Version": "2012-10-17",
        },
      },
      "Type": "AWS::IAM::Role",
    },
    "FunctionServiceRoleDefaultPolicyA390655B": {
      "Properties": {
        "PolicyDocument": {
          "Statement": [
            {
              "Action": [
                "logs:CreateLogStream",
                "logs:PutLogEvents",
              ],
              "Effect": "Allow",
              "Resource": {
                "Fn::GetAtt": [
                  "FunctionLogGroupBD1576D5",
                  "Arn",
                ],
              },
            },
            {
              "Action": "s3:ListBucket",
              "Effect": "Allow",
              "Resource": {
                "Fn::GetAtt": [
                  "Bucket83908E77",
                  "Arn",
                ],
              },
            },
            {
              "Action": "s3:GetObject",
              "Effect": "Allow",
              "Resource": {
                "Fn::Join": [
                  "",
                  [
                    {
                      "Fn::GetAtt": [
                        "Bucket83908E77",
                        "Arn",
                      ],
                    },
                    "/*",
                  ],
                ],
              },
            },
          ],
          "Version": "2012-10-17",
        },
        "PolicyName": "FunctionServiceRoleDefaultPolicyA390655B",
        "Roles": [
          {
            "Ref": "FunctionServiceRole06CB2226",
          },
        ],
      },
      "Type": "AWS::IAM::Policy",
    },
  },
  "Rules": {
    "CheckBootstrapVersion": {
      "Assertions": [
        {
          "Assert": {
            "Fn::Not": [
              {
                "Fn::Contains": [
                  [
                    "1",
                    "2",
                    "3",
                    "4",
                    "5",
                  ],
                  {
                    "Ref": "BootstrapVersion",
                  },
                ],
              },
            ],
          },
          "AssertDescription": "CDK bootstrap stack version 6 required. Please run 'cdk bootstrap' with a recent version of the CDK CLI.",
        },
      ],
    },
  },
}
`;
