// Vitest Snapshot v1, https://vitest.dev/guide/snapshot.html

exports[`snapshot 1`] = `
{
  "Parameters": {
    "BootstrapVersion": {
      "Default": "/cdk-bootstrap/hnb659fds/version",
      "Description": "Version of the CDK Bootstrap resources in this environment, automatically retrieved from SSM Parameter Store. [cdk:skip]",
      "Type": "AWS::SSM::Parameter::Value<String>",
    },
  },
  "Resources": {
    "PhotoDistributionDelivery": {
      "Properties": {
        "DeliveryDestinationArn": {
          "Fn::GetAtt": [
            "PhotoDistributionDeliveryDestination",
            "Arn",
          ],
        },
        "DeliverySourceName": {
          "Ref": "PhotoDistributionDeliverySource",
        },
        "S3SuffixPath": "AWSLogs/{account-id}/CloudFront/{DistributionId}/{yyyy}/{MM}/{dd}/{HH}",
      },
      "Type": "AWS::Logs::Delivery",
    },
    "PhotoDistributionDeliveryDestination": {
      "Properties": {
        "DeliveryDestinationType": "S3",
        "DestinationResourceArn": {
          "Fn::ImportValue": "CoreStack:ExportsOutputFnGetAttLogCloudfrontAccessLogsBucket28B24633ArnF92F032C",
        },
        "Name": "photo-cloudfront-access-logs-json",
        "OutputFormat": "json",
      },
      "Type": "AWS::Logs::DeliveryDestination",
    },
    "PhotoDistributionDeliverySource": {
      "Properties": {
        "LogType": "ACCESS_LOGS",
        "Name": "photo-cloudfront-access-logs-source",
        "ResourceArn": {
          "Fn::Join": [
            "",
            [
              "arn:",
              {
                "Ref": "AWS::Partition",
              },
              ":cloudfront::",
              {
                "Ref": "AWS::AccountId",
              },
              ":distribution/",
              {
                "Fn::ImportValue": "CoreStack:ExportsOutputRefStoragePhotoDistributionBB0FE9872F04A3FA",
              },
            ],
          ],
        },
      },
      "Type": "AWS::Logs::DeliverySource",
    },
  },
  "Rules": {
    "CheckBootstrapVersion": {
      "Assertions": [
        {
          "Assert": {
            "Fn::Not": [
              {
                "Fn::Contains": [
                  [
                    "1",
                    "2",
                    "3",
                    "4",
                    "5",
                  ],
                  {
                    "Ref": "BootstrapVersion",
                  },
                ],
              },
            ],
          },
          "AssertDescription": "CDK bootstrap stack version 6 required. Please run 'cdk bootstrap' with a recent version of the CDK CLI.",
        },
      ],
    },
  },
}
`;
