// Vitest Snapshot v1, https://vitest.dev/guide/snapshot.html

exports[`snapshot 1`] = `
{
  "Parameters": {
    "BootstrapVersion": {
      "Default": "/cdk-bootstrap/hnb659fds/version",
      "Description": "Version of the CDK Bootstrap resources in this environment, automatically retrieved from SSM Parameter Store. [cdk:skip]",
      "Type": "AWS::SSM::Parameter::Value<String>",
    },
  },
  "Resources": {
    "AssumeRolePolicy49AB12C9": {
      "Properties": {
        "PolicyDocument": {
          "Statement": [
            {
              "Action": "sts:AssumeRole",
              "Effect": "Allow",
              "Resource": [
                {
                  "Fn::Join": [
                    "",
                    [
                      "arn:aws:iam::",
                      {
                        "Ref": "AWS::AccountId",
                      },
                      ":role/cdk-hnb659fds-deploy-role-",
                      {
                        "Ref": "AWS::AccountId",
                      },
                      "-",
                      {
                        "Ref": "AWS::Region",
                      },
                    ],
                  ],
                },
                {
                  "Fn::Join": [
                    "",
                    [
                      "arn:aws:iam::",
                      {
                        "Ref": "AWS::AccountId",
                      },
                      ":role/cdk-hnb659fds-file-publishing-role-",
                      {
                        "Ref": "AWS::AccountId",
                      },
                      "-",
                      {
                        "Ref": "AWS::Region",
                      },
                    ],
                  ],
                },
                {
                  "Fn::Join": [
                    "",
                    [
                      "arn:aws:iam::",
                      {
                        "Ref": "AWS::AccountId",
                      },
                      ":role/cdk-hnb659fds-image-publishing-role-",
                      {
                        "Ref": "AWS::AccountId",
                      },
                      "-",
                      {
                        "Ref": "AWS::Region",
                      },
                    ],
                  ],
                },
                {
                  "Fn::Join": [
                    "",
                    [
                      "arn:aws:iam::",
                      {
                        "Ref": "AWS::AccountId",
                      },
                      ":role/cdk-hnb659fds-lookup-role-",
                      {
                        "Ref": "AWS::AccountId",
                      },
                      "-",
                      {
                        "Ref": "AWS::Region",
                      },
                    ],
                  ],
                },
                {
                  "Fn::Join": [
                    "",
                    [
                      "arn:aws:iam::",
                      {
                        "Ref": "AWS::AccountId",
                      },
                      ":role/cdk-hnb659fds-deploy-role-",
                      {
                        "Ref": "AWS::AccountId",
                      },
                      "-us-east-1",
                    ],
                  ],
                },
                {
                  "Fn::Join": [
                    "",
                    [
                      "arn:aws:iam::",
                      {
                        "Ref": "AWS::AccountId",
                      },
                      ":role/cdk-hnb659fds-file-publishing-role-",
                      {
                        "Ref": "AWS::AccountId",
                      },
                      "-us-east-1",
                    ],
                  ],
                },
                {
                  "Fn::Join": [
                    "",
                    [
                      "arn:aws:iam::",
                      {
                        "Ref": "AWS::AccountId",
                      },
                      ":role/cdk-hnb659fds-image-publishing-role-",
                      {
                        "Ref": "AWS::AccountId",
                      },
                      "-us-east-1",
                    ],
                  ],
                },
                {
                  "Fn::Join": [
                    "",
                    [
                      "arn:aws:iam::",
                      {
                        "Ref": "AWS::AccountId",
                      },
                      ":role/cdk-hnb659fds-lookup-role-",
                      {
                        "Ref": "AWS::AccountId",
                      },
                      "-us-east-1",
                    ],
                  ],
                },
                {
                  "Fn::Join": [
                    "",
                    [
                      "arn:aws:iam::123456789012:role/cdk-hnb659fds-deploy-role-123456789012-",
                      {
                        "Ref": "AWS::Region",
                      },
                    ],
                  ],
                },
                {
                  "Fn::Join": [
                    "",
                    [
                      "arn:aws:iam::123456789012:role/cdk-hnb659fds-file-publishing-role-123456789012-",
                      {
                        "Ref": "AWS::Region",
                      },
                    ],
                  ],
                },
                {
                  "Fn::Join": [
                    "",
                    [
                      "arn:aws:iam::123456789012:role/cdk-hnb659fds-image-publishing-role-123456789012-",
                      {
                        "Ref": "AWS::Region",
                      },
                    ],
                  ],
                },
                {
                  "Fn::Join": [
                    "",
                    [
                      "arn:aws:iam::123456789012:role/cdk-hnb659fds-lookup-role-123456789012-",
                      {
                        "Ref": "AWS::Region",
                      },
                    ],
                  ],
                },
                "arn:aws:iam::123456789012:role/cdk-hnb659fds-deploy-role-123456789012-us-east-1",
                "arn:aws:iam::123456789012:role/cdk-hnb659fds-file-publishing-role-123456789012-us-east-1",
                "arn:aws:iam::123456789012:role/cdk-hnb659fds-image-publishing-role-123456789012-us-east-1",
                "arn:aws:iam::123456789012:role/cdk-hnb659fds-lookup-role-123456789012-us-east-1",
              ],
            },
          ],
          "Version": "2012-10-17",
        },
        "PolicyName": "AssumeRolePolicy49AB12C9",
        "Roles": [
          {
            "Ref": "Role1ABCC5F0",
          },
        ],
      },
      "Type": "AWS::IAM::Policy",
    },
    "Provider2281708E": {
      "Properties": {
        "ClientIdList": [
          "sts.amazonaws.com",
        ],
        "Url": "https://token.actions.githubusercontent.com",
      },
      "Type": "AWS::IAM::OIDCProvider",
    },
    "Role1ABCC5F0": {
      "Properties": {
        "AssumeRolePolicyDocument": {
          "Statement": [
            {
              "Action": "sts:AssumeRoleWithWebIdentity",
              "Condition": {
                "StringEquals": {
                  "token.actions.githubusercontent.com:aud": "sts.amazonaws.com",
                },
                "StringLike": {
                  "token.actions.githubusercontent.com:sub": "repo:holidayworking/core:*",
                },
              },
              "Effect": "Allow",
              "Principal": {
                "Federated": {
                  "Ref": "Provider2281708E",
                },
              },
            },
          ],
          "Version": "2012-10-17",
        },
        "RoleName": "github-actions",
      },
      "Type": "AWS::IAM::Role",
    },
  },
  "Rules": {
    "CheckBootstrapVersion": {
      "Assertions": [
        {
          "Assert": {
            "Fn::Not": [
              {
                "Fn::Contains": [
                  [
                    "1",
                    "2",
                    "3",
                    "4",
                    "5",
                  ],
                  {
                    "Ref": "BootstrapVersion",
                  },
                ],
              },
            ],
          },
          "AssertDescription": "CDK bootstrap stack version 6 required. Please run 'cdk bootstrap' with a recent version of the CDK CLI.",
        },
      ],
    },
  },
}
`;
