// Vitest Snapshot v1, https://vitest.dev/guide/snapshot.html

exports[`snapshot 1`] = `
{
  "Parameters": {
    "BootstrapVersion": {
      "Default": "/cdk-bootstrap/hnb659fds/version",
      "Description": "Version of the CDK Bootstrap resources in this environment, automatically retrieved from SSM Parameter Store. [cdk:skip]",
      "Type": "AWS::SSM::Parameter::Value<String>",
    },
  },
  "Resources": {
    "GitHubPagesARecord20814371": {
      "Properties": {
        "HostedZoneId": {
          "Ref": "HostedZoneDB99F866",
        },
        "Name": "holidayworking.org.",
        "ResourceRecords": [
          "185.199.108.153",
          "185.199.109.153",
          "185.199.110.153",
          "185.199.111.153",
        ],
        "TTL": "1800",
        "Type": "A",
      },
      "Type": "AWS::Route53::RecordSet",
    },
    "GitHubPagesCnameRecord58F6B5DF": {
      "Properties": {
        "HostedZoneId": {
          "Ref": "HostedZoneDB99F866",
        },
        "Name": "www.holidayworking.org.",
        "ResourceRecords": [
          {
            "Ref": "GitHubPagesARecord20814371",
          },
        ],
        "TTL": "1800",
        "Type": "CNAME",
      },
      "Type": "AWS::Route53::RecordSet",
    },
    "HostedZoneDB99F866": {
      "Properties": {
        "Name": "holidayworking.org.",
        "QueryLoggingConfig": {
          "CloudWatchLogsLogGroupArn": {
            "Fn::GetAtt": [
              "LogGroupF5B46931",
              "Arn",
            ],
          },
        },
      },
      "Type": "AWS::Route53::HostedZone",
    },
    "LogGroupF5B46931": {
      "DeletionPolicy": "Retain",
      "Properties": {
        "LogGroupName": "/aws/route53/holidayworking.org",
        "RetentionInDays": 7,
      },
      "Type": "AWS::Logs::LogGroup",
      "UpdateReplacePolicy": "Retain",
    },
    "LogGroupPolicyResourcePolicy6FA18555": {
      "Properties": {
        "PolicyDocument": {
          "Fn::Join": [
            "",
            [
              "{"Statement":[{"Action":["logs:CreateLogStream","logs:PutLogEvents"],"Effect":"Allow","Principal":{"Service":"route53.amazonaws.com"},"Resource":"",
              {
                "Fn::GetAtt": [
                  "LogGroupF5B46931",
                  "Arn",
                ],
              },
              ""}],"Version":"2012-10-17"}",
            ],
          ],
        },
        "PolicyName": "Route53StackLogGroupPolicy85DC498D",
      },
      "Type": "AWS::Logs::ResourcePolicy",
    },
  },
  "Rules": {
    "CheckBootstrapVersion": {
      "Assertions": [
        {
          "Assert": {
            "Fn::Not": [
              {
                "Fn::Contains": [
                  [
                    "1",
                    "2",
                    "3",
                    "4",
                    "5",
                  ],
                  {
                    "Ref": "BootstrapVersion",
                  },
                ],
              },
            ],
          },
          "AssertDescription": "CDK bootstrap stack version 6 required. Please run 'cdk bootstrap' with a recent version of the CDK CLI.",
        },
      ],
    },
  },
}
`;
