// Vitest Snapshot v1, https://vitest.dev/guide/snapshot.html

exports[`snapshot 1`] = `
{
  "Mappings": {
    "AWSCloudFrontPartitionHostedZoneIdMap": {
      "aws": {
        "zoneId": "Z2FDTNDATAQYW2",
      },
      "aws-cn": {
        "zoneId": "Z3RFFRIM2A3IF5",
      },
    },
  },
  "Metadata": {
    "cdk_nag": {
      "rules_to_suppress": [
        {
          "applies_to": [
            "Policy::arn:<AWS::Partition>:iam::aws:policy/service-role/AWSLambdaBasicExecutionRole",
          ],
          "id": "AwsSolutions-IAM4",
          "reason": "CDK-managed S3 bucket notifications handler requires AWSLambdaBasicExecutionRole.",
        },
      ],
    },
  },
  "Parameters": {
    "BootstrapVersion": {
      "Default": "/cdk-bootstrap/hnb659fds/version",
      "Description": "Version of the CDK Bootstrap resources in this environment, automatically retrieved from SSM Parameter Store. [cdk:skip]",
      "Type": "AWS::SSM::Parameter::Value<String>",
    },
  },
  "Resources": {
    "BucketNotificationsHandler050a0587b7544547bf325f094a3db8347ECC3691": {
      "DependsOn": [
        "BucketNotificationsHandler050a0587b7544547bf325f094a3db834RoleB6FB88EC",
      ],
      "Properties": {
        "Code": {
          "ZipFile": "import boto3  # type: ignore
import json
import logging
import urllib.request

s3 = boto3.client("s3")

EVENTBRIDGE_CONFIGURATION = 'EventBridgeConfiguration'
CONFIGURATION_TYPES = ["TopicConfigurations", "QueueConfigurations", "LambdaFunctionConfigurations"]

def handler(event: dict, context):
  response_status = "SUCCESS"
  error_message = ""
  try:
    props = event["ResourceProperties"]
    notification_configuration = props["NotificationConfiguration"]
    managed = props.get('Managed', 'true').lower() == 'true'
    skipDestinationValidation = props.get('SkipDestinationValidation', 'false').lower() == 'true'
    stack_id = event['StackId']
    old = event.get("OldResourceProperties", {}).get("NotificationConfiguration", {})
    if managed:
      config = handle_managed(event["RequestType"], notification_configuration)
    else:
      config = handle_unmanaged(props["BucketName"], stack_id, event["RequestType"], notification_configuration, old)
    s3.put_bucket_notification_configuration(Bucket=props["BucketName"], NotificationConfiguration=config, SkipDestinationValidation=skipDestinationValidation)
  except Exception as e:
    logging.exception("Failed to put bucket notification configuration")
    response_status = "FAILED"
    error_message = f"Error: {str(e)}. "
  finally:
    submit_response(event, context, response_status, error_message)

def handle_managed(request_type, notification_configuration):
  if request_type == 'Delete':
    return {}
  return notification_configuration

def handle_unmanaged(bucket, stack_id, request_type, notification_configuration, old):
  def get_id(n):
    n['Id'] = ''
    sorted_notifications = sort_filter_rules(n)
    strToHash=json.dumps(sorted_notifications, sort_keys=True).replace('"Name": "prefix"', '"Name": "Prefix"').replace('"Name": "suffix"', '"Name": "Suffix"')
    return f"{stack_id}-{hash(strToHash)}"
  def with_id(n):
    n['Id'] = get_id(n)
    return n

  external_notifications = {}
  existing_notifications = s3.get_bucket_notification_configuration(Bucket=bucket)
  for t in CONFIGURATION_TYPES:
    if request_type == 'Update':
        old_incoming_ids = [get_id(n) for n in old.get(t, [])]
        external_notifications[t] = [n for n in existing_notifications.get(t, []) if not get_id(n) in old_incoming_ids]      
    elif request_type == 'Delete':
        external_notifications[t] = [n for n in existing_notifications.get(t, []) if not n['Id'].startswith(f"{stack_id}-")]
    elif request_type == 'Create':
        external_notifications[t] = [n for n in existing_notifications.get(t, [])]
  if EVENTBRIDGE_CONFIGURATION in existing_notifications:
    external_notifications[EVENTBRIDGE_CONFIGURATION] = existing_notifications[EVENTBRIDGE_CONFIGURATION]

  if request_type == 'Delete':
    return external_notifications

  notifications = {}
  for t in CONFIGURATION_TYPES:
    external = external_notifications.get(t, [])
    incoming = [with_id(n) for n in notification_configuration.get(t, [])]
    notifications[t] = external + incoming

  if EVENTBRIDGE_CONFIGURATION in notification_configuration:
    notifications[EVENTBRIDGE_CONFIGURATION] = notification_configuration[EVENTBRIDGE_CONFIGURATION]
  elif EVENTBRIDGE_CONFIGURATION in external_notifications:
    notifications[EVENTBRIDGE_CONFIGURATION] = external_notifications[EVENTBRIDGE_CONFIGURATION]

  return notifications

def submit_response(event: dict, context, response_status: str, error_message: str):
  response_body = json.dumps(
    {
      "Status": response_status,
      "Reason": f"{error_message}See the details in CloudWatch Log Stream: {context.log_stream_name}",
      "PhysicalResourceId": event.get("PhysicalResourceId") or event["LogicalResourceId"],
      "StackId": event["StackId"],
      "RequestId": event["RequestId"],
      "LogicalResourceId": event["LogicalResourceId"],
      "NoEcho": False,
    }
  ).encode("utf-8")
  headers = {"content-type": "", "content-length": str(len(response_body))}
  try:
    req = urllib.request.Request(url=event["ResponseURL"], headers=headers, data=response_body, method="PUT")
    with urllib.request.urlopen(req) as response:
      print(response.read().decode("utf-8"))
    print("Status code: " + response.reason)
  except Exception as e:
      print("send(..) failed executing request.urlopen(..): " + str(e))

def sort_filter_rules(json_obj):
  if not isinstance(json_obj, dict):
      return json_obj
  for key, value in json_obj.items():
      if isinstance(value, dict):
          json_obj[key] = sort_filter_rules(value)
      elif isinstance(value, list):
          json_obj[key] = [sort_filter_rules(item) for item in value]
  if "Filter" in json_obj and "Key" in json_obj["Filter"] and "FilterRules" in json_obj["Filter"]["Key"]:
      filter_rules = json_obj["Filter"]["Key"]["FilterRules"]
      sorted_filter_rules = sorted(filter_rules, key=lambda x: x["Name"])
      json_obj["Filter"]["Key"]["FilterRules"] = sorted_filter_rules
  return json_obj",
        },
        "Description": "AWS CloudFormation handler for "Custom::S3BucketNotifications" resources (@aws-cdk/aws-s3)",
        "Handler": "index.handler",
        "Role": {
          "Fn::GetAtt": [
            "BucketNotificationsHandler050a0587b7544547bf325f094a3db834RoleB6FB88EC",
            "Arn",
          ],
        },
        "Runtime": "python3.13",
        "Timeout": 300,
      },
      "Type": "AWS::Lambda::Function",
    },
    "BucketNotificationsHandler050a0587b7544547bf325f094a3db834RoleB6FB88EC": {
      "Properties": {
        "AssumeRolePolicyDocument": {
          "Statement": [
            {
              "Action": "sts:AssumeRole",
              "Effect": "Allow",
              "Principal": {
                "Service": "lambda.amazonaws.com",
              },
            },
          ],
          "Version": "2012-10-17",
        },
        "ManagedPolicyArns": [
          {
            "Fn::Join": [
              "",
              [
                "arn:",
                {
                  "Ref": "AWS::Partition",
                },
                ":iam::aws:policy/service-role/AWSLambdaBasicExecutionRole",
              ],
            ],
          },
        ],
      },
      "Type": "AWS::IAM::Role",
    },
    "CloudFrontInvalidatorFunction6F5FAF8A": {
      "DependsOn": [
        "CloudFrontInvalidatorServiceRoleDefaultPolicy37725D5C",
        "CloudFrontInvalidatorServiceRole34F76D40",
      ],
      "Properties": {
        "Architectures": [
          "arm64",
        ],
        "Code": {
          "S3Bucket": {
            "Fn::Sub": "cdk-hnb659fds-assets-\${AWS::AccountId}-\${AWS::Region}",
          },
          "S3Key": "[ASSET ZIP]",
        },
        "Environment": {
          "Variables": {
            "DISTRIBUTION_ID": {
              "Ref": "StorageDistributionA4A168F6",
            },
          },
        },
        "Handler": "index.handler",
        "LoggingConfig": {
          "LogGroup": {
            "Ref": "CloudFrontInvalidatorLogGroupA1614986",
          },
        },
        "Role": {
          "Fn::GetAtt": [
            "CloudFrontInvalidatorServiceRole34F76D40",
            "Arn",
          ],
        },
        "Runtime": "nodejs24.x",
      },
      "Type": "AWS::Lambda::Function",
    },
    "CloudFrontInvalidatorLogGroupA1614986": {
      "DeletionPolicy": "Retain",
      "Properties": {
        "RetentionInDays": 7,
      },
      "Type": "AWS::Logs::LogGroup",
      "UpdateReplacePolicy": "Retain",
    },
    "CloudFrontInvalidatorServiceRole34F76D40": {
      "Properties": {
        "AssumeRolePolicyDocument": {
          "Statement": [
            {
              "Action": "sts:AssumeRole",
              "Effect": "Allow",
              "Principal": {
                "Service": "lambda.amazonaws.com",
              },
            },
          ],
          "Version": "2012-10-17",
        },
      },
      "Type": "AWS::IAM::Role",
    },
    "CloudFrontInvalidatorServiceRoleDefaultPolicy37725D5C": {
      "Properties": {
        "PolicyDocument": {
          "Statement": [
            {
              "Action": [
                "logs:CreateLogStream",
                "logs:PutLogEvents",
              ],
              "Effect": "Allow",
              "Resource": {
                "Fn::GetAtt": [
                  "CloudFrontInvalidatorLogGroupA1614986",
                  "Arn",
                ],
              },
            },
            {
              "Action": "cloudfront:CreateInvalidation",
              "Effect": "Allow",
              "Resource": {
                "Fn::Join": [
                  "",
                  [
                    "arn:",
                    {
                      "Ref": "AWS::Partition",
                    },
                    ":cloudfront::",
                    {
                      "Ref": "AWS::AccountId",
                    },
                    ":distribution/",
                    {
                      "Ref": "StorageDistributionA4A168F6",
                    },
                  ],
                ],
              },
            },
          ],
          "Version": "2012-10-17",
        },
        "PolicyName": "CloudFrontInvalidatorServiceRoleDefaultPolicy37725D5C",
        "Roles": [
          {
            "Ref": "CloudFrontInvalidatorServiceRole34F76D40",
          },
        ],
      },
      "Type": "AWS::IAM::Policy",
    },
    "CustomCDKBucketDeployment8693BB64968944B69AAFB0CC9EB8756C81C01536": {
      "DependsOn": [
        "CustomCDKBucketDeployment8693BB64968944B69AAFB0CC9EB8756CServiceRoleDefaultPolicy88902FDF",
        "CustomCDKBucketDeployment8693BB64968944B69AAFB0CC9EB8756CServiceRole89A01265",
      ],
      "Metadata": {
        "cdk_nag": {
          "rules_to_suppress": [
            {
              "id": "AwsSolutions-L1",
              "reason": "CDK BucketDeployment custom resource Lambda runtime is managed by CDK and cannot be configured by the user.",
            },
          ],
        },
      },
      "Properties": {
        "Code": {
          "S3Bucket": {
            "Fn::Sub": "cdk-hnb659fds-assets-\${AWS::AccountId}-\${AWS::Region}",
          },
          "S3Key": "[ASSET ZIP]",
        },
        "Environment": {
          "Variables": {
            "AWS_CA_BUNDLE": "/etc/pki/ca-trust/extracted/pem/tls-ca-bundle.pem",
          },
        },
        "Handler": "index.handler",
        "Layers": [
          {
            "Ref": "Yuna78mhzConfigFileAwsCliLayerF76FF1E4",
          },
        ],
        "Role": {
          "Fn::GetAtt": [
            "CustomCDKBucketDeployment8693BB64968944B69AAFB0CC9EB8756CServiceRole89A01265",
            "Arn",
          ],
        },
        "Runtime": "python3.13",
        "Timeout": 900,
      },
      "Type": "AWS::Lambda::Function",
    },
    "CustomCDKBucketDeployment8693BB64968944B69AAFB0CC9EB8756CServiceRole89A01265": {
      "Properties": {
        "AssumeRolePolicyDocument": {
          "Statement": [
            {
              "Action": "sts:AssumeRole",
              "Effect": "Allow",
              "Principal": {
                "Service": "lambda.amazonaws.com",
              },
            },
          ],
          "Version": "2012-10-17",
        },
        "ManagedPolicyArns": [
          {
            "Fn::Join": [
              "",
              [
                "arn:",
                {
                  "Ref": "AWS::Partition",
                },
                ":iam::aws:policy/service-role/AWSLambdaBasicExecutionRole",
              ],
            ],
          },
        ],
      },
      "Type": "AWS::IAM::Role",
    },
    "CustomCDKBucketDeployment8693BB64968944B69AAFB0CC9EB8756CServiceRoleDefaultPolicy88902FDF": {
      "Metadata": {
        "cdk_nag": {
          "rules_to_suppress": [
            {
              "id": "AwsSolutions-IAM5",
              "reason": "CDK BucketDeployment custom resource requires S3 wildcard permissions to copy assets from the CDK staging bucket and manage files in the destination bucket. These permissions are managed by CDK and cannot be scoped down further.",
            },
          ],
        },
      },
      "Properties": {
        "PolicyDocument": {
          "Statement": [
            {
              "Action": [
                "s3:GetObject*",
                "s3:GetBucket*",
                "s3:List*",
              ],
              "Effect": "Allow",
              "Resource": [
                {
                  "Fn::Join": [
                    "",
                    [
                      "arn:",
                      {
                        "Ref": "AWS::Partition",
                      },
                      ":s3:::",
                      {
                        "Fn::Sub": "cdk-hnb659fds-assets-\${AWS::AccountId}-\${AWS::Region}",
                      },
                    ],
                  ],
                },
                {
                  "Fn::Join": [
                    "",
                    [
                      "arn:",
                      {
                        "Ref": "AWS::Partition",
                      },
                      ":s3:::",
                      {
                        "Fn::Sub": "cdk-hnb659fds-assets-\${AWS::AccountId}-\${AWS::Region}",
                      },
                      "/*",
                    ],
                  ],
                },
              ],
            },
            {
              "Action": [
                "s3:GetObject*",
                "s3:GetBucket*",
                "s3:List*",
                "s3:DeleteObject*",
                "s3:PutObject",
                "s3:PutObjectLegalHold",
                "s3:PutObjectRetention",
                "s3:PutObjectTagging",
                "s3:PutObjectVersionTagging",
                "s3:Abort*",
              ],
              "Effect": "Allow",
              "Resource": [
                {
                  "Fn::GetAtt": [
                    "StorageBucket13B7643F",
                    "Arn",
                  ],
                },
                {
                  "Fn::Join": [
                    "",
                    [
                      {
                        "Fn::GetAtt": [
                          "StorageBucket13B7643F",
                          "Arn",
                        ],
                      },
                      "/*",
                    ],
                  ],
                },
              ],
            },
          ],
          "Version": "2012-10-17",
        },
        "PolicyName": "CustomCDKBucketDeployment8693BB64968944B69AAFB0CC9EB8756CServiceRoleDefaultPolicy88902FDF",
        "Roles": [
          {
            "Ref": "CustomCDKBucketDeployment8693BB64968944B69AAFB0CC9EB8756CServiceRole89A01265",
          },
        ],
      },
      "Type": "AWS::IAM::Policy",
    },
    "FeedGeneratorFunction8027525D": {
      "DependsOn": [
        "FeedGeneratorServiceRoleDefaultPolicyD668747D",
        "FeedGeneratorServiceRoleD1740C61",
      ],
      "Properties": {
        "Architectures": [
          "arm64",
        ],
        "Code": {
          "S3Bucket": {
            "Fn::Sub": "cdk-hnb659fds-assets-\${AWS::AccountId}-\${AWS::Region}",
          },
          "S3Key": "[ASSET ZIP]",
        },
        "Environment": {
          "Variables": {
            "BASIC_AUTHENTICATION_CREDENTIAL_KEY_VALUE_STORE_ARN": {
              "Fn::GetAtt": [
                "StorageBasicAuthenticationCredentialKeyValueStore73100C22",
                "Arn",
              ],
            },
            "DOMAIN_NAME": "radicast.example.com",
          },
        },
        "Handler": "index.handler",
        "LoggingConfig": {
          "LogGroup": {
            "Ref": "FeedGeneratorLogGroup8A23A63F",
          },
        },
        "Role": {
          "Fn::GetAtt": [
            "FeedGeneratorServiceRoleD1740C61",
            "Arn",
          ],
        },
        "Runtime": "nodejs24.x",
        "Timeout": 900,
      },
      "Type": "AWS::Lambda::Function",
    },
    "FeedGeneratorLogGroup8A23A63F": {
      "DeletionPolicy": "Retain",
      "Properties": {
        "RetentionInDays": 7,
      },
      "Type": "AWS::Logs::LogGroup",
      "UpdateReplacePolicy": "Retain",
    },
    "FeedGeneratorServiceRoleD1740C61": {
      "Metadata": {
        "cdk_nag": {
          "rules_to_suppress": [
            {
              "applies_to": [
                "Resource::<StorageBucket13B7643F.Arn>/*",
              ],
              "id": "AwsSolutions-IAM5",
              "reason": "Required to grant read and write access to all objects in the bucket.",
            },
          ],
        },
      },
      "Properties": {
        "AssumeRolePolicyDocument": {
          "Statement": [
            {
              "Action": "sts:AssumeRole",
              "Effect": "Allow",
              "Principal": {
                "Service": "lambda.amazonaws.com",
              },
            },
          ],
          "Version": "2012-10-17",
        },
      },
      "Type": "AWS::IAM::Role",
    },
    "FeedGeneratorServiceRoleDefaultPolicyD668747D": {
      "Metadata": {
        "cdk_nag": {
          "rules_to_suppress": [
            {
              "applies_to": [
                "Resource::<StorageBucket13B7643F.Arn>/*",
              ],
              "id": "AwsSolutions-IAM5",
              "reason": "Required to grant read and write access to all objects in the bucket.",
            },
          ],
        },
      },
      "Properties": {
        "PolicyDocument": {
          "Statement": [
            {
              "Action": [
                "logs:CreateLogStream",
                "logs:PutLogEvents",
              ],
              "Effect": "Allow",
              "Resource": {
                "Fn::GetAtt": [
                  "FeedGeneratorLogGroup8A23A63F",
                  "Arn",
                ],
              },
            },
            {
              "Action": "cloudfront-keyvaluestore:GetKey",
              "Effect": "Allow",
              "Resource": {
                "Fn::GetAtt": [
                  "StorageBasicAuthenticationCredentialKeyValueStore73100C22",
                  "Arn",
                ],
              },
            },
            {
              "Action": "s3:ListBucket",
              "Effect": "Allow",
              "Resource": {
                "Fn::GetAtt": [
                  "StorageBucket13B7643F",
                  "Arn",
                ],
              },
            },
            {
              "Action": [
                "s3:GetObject",
                "s3:PutObject",
              ],
              "Effect": "Allow",
              "Resource": {
                "Fn::Join": [
                  "",
                  [
                    {
                      "Fn::GetAtt": [
                        "StorageBucket13B7643F",
                        "Arn",
                      ],
                    },
                    "/*",
                  ],
                ],
              },
            },
          ],
          "Version": "2012-10-17",
        },
        "PolicyName": "FeedGeneratorServiceRoleDefaultPolicyD668747D",
        "Roles": [
          {
            "Ref": "FeedGeneratorServiceRoleD1740C61",
          },
        ],
      },
      "Type": "AWS::IAM::Policy",
    },
    "RadikoRecorderFunction8ECF5BD4": {
      "DependsOn": [
        "RadikoRecorderServiceRoleDefaultPolicy4A108080",
        "RadikoRecorderServiceRoleBC470C91",
      ],
      "Properties": {
        "Architectures": [
          "arm64",
        ],
        "Code": {
          "S3Bucket": {
            "Fn::Sub": "cdk-hnb659fds-assets-\${AWS::AccountId}-\${AWS::Region}",
          },
          "S3Key": "[ASSET ZIP]",
        },
        "Environment": {
          "Variables": {
            "BUCKET": {
              "Ref": "StorageBucket13B7643F",
            },
          },
        },
        "Handler": "index.handler",
        "Layers": [
          {
            "Ref": "RadikoRecorderRadigoLayer36A7529F",
          },
        ],
        "LoggingConfig": {
          "LogGroup": {
            "Ref": "RadikoRecorderLogGroupD601C3EB",
          },
        },
        "MemorySize": 1024,
        "Role": {
          "Fn::GetAtt": [
            "RadikoRecorderServiceRoleBC470C91",
            "Arn",
          ],
        },
        "Runtime": "nodejs24.x",
        "Timeout": 900,
      },
      "Type": "AWS::Lambda::Function",
    },
    "RadikoRecorderLogGroupD601C3EB": {
      "DeletionPolicy": "Retain",
      "Properties": {
        "RetentionInDays": 7,
      },
      "Type": "AWS::Logs::LogGroup",
      "UpdateReplacePolicy": "Retain",
    },
    "RadikoRecorderRadigoLayer36A7529F": {
      "Properties": {
        "Content": {
          "S3Bucket": {
            "Fn::Sub": "cdk-hnb659fds-assets-\${AWS::AccountId}-\${AWS::Region}",
          },
          "S3Key": "[ASSET ZIP]",
        },
      },
      "Type": "AWS::Lambda::LayerVersion",
    },
    "RadikoRecorderServiceRoleBC470C91": {
      "Metadata": {
        "cdk_nag": {
          "rules_to_suppress": [
            {
              "applies_to": [
                "Resource::<StorageBucket13B7643F.Arn>/*",
              ],
              "id": "AwsSolutions-IAM5",
              "reason": "Required to grant read and write access to all objects in the bucket.",
            },
          ],
        },
      },
      "Properties": {
        "AssumeRolePolicyDocument": {
          "Statement": [
            {
              "Action": "sts:AssumeRole",
              "Effect": "Allow",
              "Principal": {
                "Service": "lambda.amazonaws.com",
              },
            },
          ],
          "Version": "2012-10-17",
        },
      },
      "Type": "AWS::IAM::Role",
    },
    "RadikoRecorderServiceRoleDefaultPolicy4A108080": {
      "Metadata": {
        "cdk_nag": {
          "rules_to_suppress": [
            {
              "applies_to": [
                "Resource::<StorageBucket13B7643F.Arn>/*",
              ],
              "id": "AwsSolutions-IAM5",
              "reason": "Required to grant read and write access to all objects in the bucket.",
            },
          ],
        },
      },
      "Properties": {
        "PolicyDocument": {
          "Statement": [
            {
              "Action": [
                "logs:CreateLogStream",
                "logs:PutLogEvents",
              ],
              "Effect": "Allow",
              "Resource": {
                "Fn::GetAtt": [
                  "RadikoRecorderLogGroupD601C3EB",
                  "Arn",
                ],
              },
            },
            {
              "Action": "ssm:GetParameter",
              "Effect": "Allow",
              "Resource": [
                {
                  "Fn::Join": [
                    "",
                    [
                      "arn:aws:ssm:",
                      {
                        "Ref": "AWS::Region",
                      },
                      ":",
                      {
                        "Ref": "AWS::AccountId",
                      },
                      ":parameter/app/radicast/radiko_mail",
                    ],
                  ],
                },
                {
                  "Fn::Join": [
                    "",
                    [
                      "arn:aws:ssm:",
                      {
                        "Ref": "AWS::Region",
                      },
                      ":",
                      {
                        "Ref": "AWS::AccountId",
                      },
                      ":parameter/app/radicast/radiko_password",
                    ],
                  ],
                },
              ],
            },
            {
              "Action": "s3:ListBucket",
              "Effect": "Allow",
              "Resource": {
                "Fn::GetAtt": [
                  "StorageBucket13B7643F",
                  "Arn",
                ],
              },
            },
            {
              "Action": [
                "s3:GetObject",
                "s3:PutObject",
              ],
              "Effect": "Allow",
              "Resource": {
                "Fn::Join": [
                  "",
                  [
                    {
                      "Fn::GetAtt": [
                        "StorageBucket13B7643F",
                        "Arn",
                      ],
                    },
                    "/*",
                  ],
                ],
              },
            },
          ],
          "Version": "2012-10-17",
        },
        "PolicyName": "RadikoRecorderServiceRoleDefaultPolicy4A108080",
        "Roles": [
          {
            "Ref": "RadikoRecorderServiceRoleBC470C91",
          },
        ],
      },
      "Type": "AWS::IAM::Policy",
    },
    "SchedulerRole59E73443": {
      "Properties": {
        "AssumeRolePolicyDocument": {
          "Statement": [
            {
              "Action": "sts:AssumeRole",
              "Effect": "Allow",
              "Principal": {
                "Service": "scheduler.amazonaws.com",
              },
            },
          ],
          "Version": "2012-10-17",
        },
        "Policies": [
          {
            "PolicyDocument": {
              "Statement": [
                {
                  "Action": "lambda:InvokeFunction",
                  "Effect": "Allow",
                  "Resource": {
                    "Fn::GetAtt": [
                      "RadikoRecorderFunction8ECF5BD4",
                      "Arn",
                    ],
                  },
                },
              ],
              "Version": "2012-10-17",
            },
            "PolicyName": "InvokeLambdaPolicy",
          },
        ],
      },
      "Type": "AWS::IAM::Role",
    },
    "StorageBasicAuthenticationCredentialKeyValueStore73100C22": {
      "Properties": {
        "Name": "RadicastStackStorageBasicAutationCredentialKeyValueStore69F76871",
      },
      "Type": "AWS::CloudFront::KeyValueStore",
    },
    "StorageBasicAuthenticationFunction1EEAAF8B": {
      "Properties": {
        "AutoPublish": true,
        "FunctionCode": {
          "Fn::Join": [
            "",
            [
              "import cf from "cloudfront";

const kvsId = "",
              {
                "Fn::GetAtt": [
                  "StorageBasicAuthenticationCredentialKeyValueStore73100C22",
                  "Id",
                ],
              },
              "";

const kvsHandle = cf.kvs(kvsId);

// oxlint-disable-next-line no-unused-vars
async function handler(event) {
  const request = event.request;
  const headers = request.headers;

  if (
    typeof headers.authorization === "undefined" ||
    typeof headers.authorization.value === "undefined"
  ) {
    return {
      statusCode: 401,
      statusDescription: "Unauthorized",
      headers: { "www-authenticate": { value: "Basic" } },
    };
  }

  const encoded = headers.authorization.value.split(" ")[1];
  const decoded = Buffer.from(encoded, "base64").toString();
  const userRequest = decoded.split(":")[0];
  const passRequest = decoded.split(":")[1];

  const exist = await kvsHandle.exists(userRequest);
  if (!exist) {
    return {
      statusCode: 401,
      statusDescription: "Unauthorized",
      headers: { "www-authenticate": { value: "Basic" } },
    };
  }

  const passStore = await kvsHandle.get(userRequest);
  if (passStore !== passRequest) {
    return {
      statusCode: 401,
      statusDescription: "Unauthorized",
      headers: { "www-authenticate": { value: "Basic" } },
    };
  }

  return request;
}
",
            ],
          ],
        },
        "FunctionConfig": {
          "Comment": {
            "Fn::Join": [
              "",
              [
                {
                  "Ref": "AWS::Region",
                },
                "RadicastStackStoticationFunctionD4AFED3B",
              ],
            ],
          },
          "KeyValueStoreAssociations": [
            {
              "KeyValueStoreARN": {
                "Fn::GetAtt": [
                  "StorageBasicAuthenticationCredentialKeyValueStore73100C22",
                  "Arn",
                ],
              },
            },
          ],
          "Runtime": "cloudfront-js-2.0",
        },
        "Name": {
          "Fn::Join": [
            "",
            [
              {
                "Ref": "AWS::Region",
              },
              "RadicastStackStoticationFunctionD4AFED3B",
            ],
          ],
        },
      },
      "Type": "AWS::CloudFront::Function",
    },
    "StorageBucket13B7643F": {
      "Metadata": {
        "cdk_nag": {
          "rules_to_suppress": [
            {
              "id": "AwsSolutions-S1",
              "reason": "Access logs are not required.",
            },
          ],
        },
      },
      "Properties": {
        "BucketName": {
          "Fn::Join": [
            "",
            [
              "radicast-",
              {
                "Ref": "AWS::AccountId",
              },
              "-",
              {
                "Ref": "AWS::Region",
              },
              "-an",
            ],
          ],
        },
        "BucketNamespace": "account-regional",
        "LifecycleConfiguration": {
          "Rules": [
            {
              "ExpiredObjectDeleteMarker": true,
              "NoncurrentVersionExpirationInDays": 7,
              "Status": "Enabled",
              "Transitions": [
                {
                  "StorageClass": "STANDARD_IA",
                  "TransitionInDays": 30,
                },
              ],
            },
          ],
        },
        "VersioningConfiguration": {
          "Status": "Enabled",
        },
      },
      "Type": "AWS::S3::Bucket",
    },
    "StorageBucketFromCfnBucketAllowBucketNotificationsToRadicastStackCloudFrontInvalidatorFunctionD0EED28085946975": {
      "Properties": {
        "Action": "lambda:InvokeFunction",
        "FunctionName": {
          "Fn::GetAtt": [
            "CloudFrontInvalidatorFunction6F5FAF8A",
            "Arn",
          ],
        },
        "Principal": "s3.amazonaws.com",
        "SourceAccount": {
          "Ref": "AWS::AccountId",
        },
        "SourceArn": {
          "Fn::GetAtt": [
            "StorageBucket13B7643F",
            "Arn",
          ],
        },
      },
      "Type": "AWS::Lambda::Permission",
    },
    "StorageBucketFromCfnBucketAllowBucketNotificationsToRadicastStackFeedGeneratorFunction9DFB51D35FF0C7DF": {
      "Properties": {
        "Action": "lambda:InvokeFunction",
        "FunctionName": {
          "Fn::GetAtt": [
            "FeedGeneratorFunction8027525D",
            "Arn",
          ],
        },
        "Principal": "s3.amazonaws.com",
        "SourceAccount": {
          "Ref": "AWS::AccountId",
        },
        "SourceArn": {
          "Fn::GetAtt": [
            "StorageBucket13B7643F",
            "Arn",
          ],
        },
      },
      "Type": "AWS::Lambda::Permission",
    },
    "StorageBucketFromCfnBucketNotificationsF22FA94C": {
      "DependsOn": [
        "StorageBucketFromCfnBucketAllowBucketNotificationsToRadicastStackCloudFrontInvalidatorFunctionD0EED28085946975",
        "StorageBucketFromCfnBucketAllowBucketNotificationsToRadicastStackFeedGeneratorFunction9DFB51D35FF0C7DF",
        "StorageBucketFromCfnBucketNotificationsHandlerPolicy5B2B780A",
        "StorageBucketFromCfnBucketPolicy2C4045F2",
      ],
      "Properties": {
        "BucketName": {
          "Ref": "StorageBucket13B7643F",
        },
        "Managed": false,
        "NotificationConfiguration": {
          "LambdaFunctionConfigurations": [
            {
              "Events": [
                "s3:ObjectCreated:*",
              ],
              "Filter": {
                "Key": {
                  "FilterRules": [
                    {
                      "Name": "suffix",
                      "Value": ".m4a",
                    },
                  ],
                },
              },
              "LambdaFunctionArn": {
                "Fn::GetAtt": [
                  "FeedGeneratorFunction8027525D",
                  "Arn",
                ],
              },
            },
            {
              "Events": [
                "s3:ObjectRemoved:*",
              ],
              "Filter": {
                "Key": {
                  "FilterRules": [
                    {
                      "Name": "suffix",
                      "Value": ".m4a",
                    },
                  ],
                },
              },
              "LambdaFunctionArn": {
                "Fn::GetAtt": [
                  "FeedGeneratorFunction8027525D",
                  "Arn",
                ],
              },
            },
            {
              "Events": [
                "s3:ObjectCreated:*",
              ],
              "Filter": {
                "Key": {
                  "FilterRules": [
                    {
                      "Name": "suffix",
                      "Value": "config.json",
                    },
                  ],
                },
              },
              "LambdaFunctionArn": {
                "Fn::GetAtt": [
                  "FeedGeneratorFunction8027525D",
                  "Arn",
                ],
              },
            },
            {
              "Events": [
                "s3:ObjectCreated:*",
              ],
              "Filter": {
                "Key": {
                  "FilterRules": [
                    {
                      "Name": "suffix",
                      "Value": ".rss",
                    },
                  ],
                },
              },
              "LambdaFunctionArn": {
                "Fn::GetAtt": [
                  "CloudFrontInvalidatorFunction6F5FAF8A",
                  "Arn",
                ],
              },
            },
          ],
        },
        "ServiceToken": {
          "Fn::GetAtt": [
            "BucketNotificationsHandler050a0587b7544547bf325f094a3db8347ECC3691",
            "Arn",
          ],
        },
        "SkipDestinationValidation": false,
      },
      "Type": "Custom::S3BucketNotifications",
    },
    "StorageBucketFromCfnBucketNotificationsHandlerPolicy5B2B780A": {
      "Properties": {
        "PolicyDocument": {
          "Statement": [
            {
              "Action": "s3:PutBucketNotification",
              "Effect": "Allow",
              "Resource": {
                "Fn::GetAtt": [
                  "StorageBucket13B7643F",
                  "Arn",
                ],
              },
            },
            {
              "Action": "s3:GetBucketNotification",
              "Effect": "Allow",
              "Resource": {
                "Fn::GetAtt": [
                  "StorageBucket13B7643F",
                  "Arn",
                ],
              },
            },
          ],
          "Version": "2012-10-17",
        },
        "PolicyName": "StorageBucketFromCfnBucketNotificationsHandlerPolicy5B2B780A",
        "Roles": [
          {
            "Ref": "BucketNotificationsHandler050a0587b7544547bf325f094a3db834RoleB6FB88EC",
          },
        ],
      },
      "Type": "AWS::IAM::Policy",
    },
    "StorageBucketFromCfnBucketPolicy2C4045F2": {
      "Properties": {
        "Bucket": {
          "Ref": "StorageBucket13B7643F",
        },
        "PolicyDocument": {
          "Statement": [
            {
              "Action": "s3:*",
              "Condition": {
                "Bool": {
                  "aws:SecureTransport": "false",
                },
              },
              "Effect": "Deny",
              "Principal": {
                "AWS": "*",
              },
              "Resource": [
                {
                  "Fn::GetAtt": [
                    "StorageBucket13B7643F",
                    "Arn",
                  ],
                },
                {
                  "Fn::Join": [
                    "",
                    [
                      {
                        "Fn::GetAtt": [
                          "StorageBucket13B7643F",
                          "Arn",
                        ],
                      },
                      "/*",
                    ],
                  ],
                },
              ],
            },
            {
              "Action": "s3:GetObject",
              "Condition": {
                "StringEquals": {
                  "AWS:SourceArn": {
                    "Fn::Join": [
                      "",
                      [
                        "arn:",
                        {
                          "Ref": "AWS::Partition",
                        },
                        ":cloudfront::",
                        {
                          "Ref": "AWS::AccountId",
                        },
                        ":distribution/",
                        {
                          "Ref": "StorageDistributionA4A168F6",
                        },
                      ],
                    ],
                  },
                },
              },
              "Effect": "Allow",
              "Principal": {
                "Service": "cloudfront.amazonaws.com",
              },
              "Resource": {
                "Fn::Join": [
                  "",
                  [
                    {
                      "Fn::GetAtt": [
                        "StorageBucket13B7643F",
                        "Arn",
                      ],
                    },
                    "/*",
                  ],
                ],
              },
            },
          ],
          "Version": "2012-10-17",
        },
      },
      "Type": "AWS::S3::BucketPolicy",
    },
    "StorageDistributionA4A168F6": {
      "Metadata": {
        "cdk_nag": {
          "rules_to_suppress": [
            {
              "id": "AwsSolutions-CFR2",
              "reason": "AWS WAF is not required.",
            },
            {
              "id": "AwsSolutions-CFR3",
              "reason": "Access logs are configured with Standard logging (v2), which cdk-nag does not support yet.",
            },
          ],
        },
      },
      "Properties": {
        "DistributionConfig": {
          "Aliases": [
            "radicast.example.com",
          ],
          "DefaultCacheBehavior": {
            "CachePolicyId": "658327ea-f89d-4fab-a63d-7e88639e58f6",
            "Compress": true,
            "FunctionAssociations": [
              {
                "EventType": "viewer-request",
                "FunctionARN": {
                  "Fn::GetAtt": [
                    "StorageBasicAuthenticationFunction1EEAAF8B",
                    "FunctionARN",
                  ],
                },
              },
            ],
            "TargetOriginId": "RadicastStackStorageDistributionOrigin1EEB128FD",
            "ViewerProtocolPolicy": "https-only",
          },
          "DefaultRootObject": "index.html",
          "Enabled": true,
          "HttpVersion": "http2",
          "IPV6Enabled": true,
          "Origins": [
            {
              "DomainName": {
                "Fn::GetAtt": [
                  "StorageBucket13B7643F",
                  "RegionalDomainName",
                ],
              },
              "Id": "RadicastStackStorageDistributionOrigin1EEB128FD",
              "OriginAccessControlId": {
                "Fn::GetAtt": [
                  "StorageDistributionOrigin1S3OriginAccessControlAA77ED15",
                  "Id",
                ],
              },
              "S3OriginConfig": {
                "OriginAccessIdentity": "",
              },
            },
          ],
          "Restrictions": {
            "GeoRestriction": {
              "Locations": [
                "JP",
              ],
              "RestrictionType": "whitelist",
            },
          },
          "ViewerCertificate": {
            "AcmCertificateArn": {
              "Fn::ImportValue": "RadicastAcmStack:ExportsOutputRefCertificate4E7ABB08F7C8AF50",
            },
            "MinimumProtocolVersion": "TLSv1.2_2021",
            "SslSupportMethod": "sni-only",
          },
        },
      },
      "Type": "AWS::CloudFront::Distribution",
    },
    "StorageDistributionAliasRecord355B9CFC": {
      "Properties": {
        "AliasTarget": {
          "DNSName": {
            "Fn::GetAtt": [
              "StorageDistributionA4A168F6",
              "DomainName",
            ],
          },
          "HostedZoneId": {
            "Fn::FindInMap": [
              "AWSCloudFrontPartitionHostedZoneIdMap",
              {
                "Ref": "AWS::Partition",
              },
              "zoneId",
            ],
          },
        },
        "HostedZoneId": "ZOJJZC49E0EPZ",
        "Name": "radicast.example.com.",
        "Type": "A",
      },
      "Type": "AWS::Route53::RecordSet",
    },
    "StorageDistributionOrigin1S3OriginAccessControlAA77ED15": {
      "Properties": {
        "OriginAccessControlConfig": {
          "Name": "RadicastStackStorageDistribuOrigin1S3OriginAccessControl6BE9ACE7",
          "OriginAccessControlOriginType": "s3",
          "SigningBehavior": "always",
          "SigningProtocol": "sigv4",
        },
      },
      "Type": "AWS::CloudFront::OriginAccessControl",
    },
    "Yuna78mhzConfigFileAwsCliLayerF76FF1E4": {
      "Properties": {
        "Content": {
          "S3Bucket": {
            "Fn::Sub": "cdk-hnb659fds-assets-\${AWS::AccountId}-\${AWS::Region}",
          },
          "S3Key": "[ASSET ZIP]",
        },
        "Description": "/opt/awscli/aws",
      },
      "Type": "AWS::Lambda::LayerVersion",
    },
    "Yuna78mhzConfigFileCustomResourceAB233751": {
      "DeletionPolicy": "Delete",
      "Properties": {
        "DestinationBucketName": {
          "Ref": "StorageBucket13B7643F",
        },
        "Extract": true,
        "OutputObjectKeys": true,
        "Prune": false,
        "ServiceToken": {
          "Fn::GetAtt": [
            "CustomCDKBucketDeployment8693BB64968944B69AAFB0CC9EB8756C81C01536",
            "Arn",
          ],
        },
        "SourceBucketNames": [
          {
            "Fn::Sub": "cdk-hnb659fds-assets-\${AWS::AccountId}-\${AWS::Region}",
          },
        ],
        "SourceMarkers": [
          {},
        ],
        "SourceObjectKeys": [
          "[ASSET ZIP]",
        ],
        "WaitForDistributionInvalidation": true,
      },
      "Type": "Custom::CDKBucketDeployment",
      "UpdateReplacePolicy": "Delete",
    },
    "Yuna78mhzScheduleFEAADB3B": {
      "Properties": {
        "FlexibleTimeWindow": {
          "Mode": "OFF",
        },
        "ScheduleExpression": "cron(00 00 ? * 4 *)",
        "ScheduleExpressionTimezone": "Asia/Tokyo",
        "State": "ENABLED",
        "Target": {
          "Arn": {
            "Fn::GetAtt": [
              "RadikoRecorderFunction8ECF5BD4",
              "Arn",
            ],
          },
          "Input": "{"id":"yuna78mhz"}",
          "RetryPolicy": {
            "MaximumEventAgeInSeconds": 86400,
            "MaximumRetryAttempts": 185,
          },
          "RoleArn": {
            "Fn::GetAtt": [
              "SchedulerRole59E73443",
              "Arn",
            ],
          },
        },
      },
      "Type": "AWS::Scheduler::Schedule",
    },
  },
  "Rules": {
    "CheckBootstrapVersion": {
      "Assertions": [
        {
          "Assert": {
            "Fn::Not": [
              {
                "Fn::Contains": [
                  [
                    "1",
                    "2",
                    "3",
                    "4",
                    "5",
                  ],
                  {
                    "Ref": "BootstrapVersion",
                  },
                ],
              },
            ],
          },
          "AssertDescription": "CDK bootstrap stack version 6 required. Please run 'cdk bootstrap' with a recent version of the CDK CLI.",
        },
      ],
    },
  },
}
`;
